>>> BaseGeometry = __import__('7-base_geometry').BaseGeometry
>>> bg = BaseGeometry()

>>> bg.area()
Traceback (most recent call last):
    ...
Exception: area() is not implemented

>>> bg.integer_validator("my_int", 10)

>>> bg.integer_validator("my_int", -5)
Traceback (most recent call last):
    ...
ValueError: my_int must be greater than 0

>>> bg.integer_validator("my_int", "abc")
Traceback (most recent call last):
    ...
TypeError: my_int must be an integer
